// Jest Snapshot v1, https://goo.gl/fbAQLP

exports[`<CategoryForm /> should work 1`] = `
<WithStyles(Paper)
  elevation={4}
>
  <form
    onSubmit={[Function]}
  >
    <TextField
      onChange={[Function]}
      placeholder="category"
      required={false}
      select={false}
      type="text"
      value=""
      variant="standard"
    />
    <WithStyles(Button)
      color="primary"
      onClick={[Function]}
      variant="contained"
    >
      Add
    </WithStyles(Button)>
  </form>
</WithStyles(Paper)>
`;
