// Jest Snapshot v1, https://goo.gl/fbAQLP

exports[`<FilterListBar /> should work 1`] = `
<div>
  <div>
    <WithStyles(FormControl)>
      <WithStyles(WithFormControlContext(InputLabel))
        htmlFor="type-native-simple"
      >
        Type
      </WithStyles(WithFormControlContext(InputLabel))>
      <WithStyles(WithFormControlContext(Select))
        input={
          <WithStyles(Input)
            id="type-native-simple"
          />
        }
        native={true}
        onChange={[Function]}
        value=""
      >
        <option
          key="all"
          value=""
        />
        <option
          key="expense"
          value="Expense"
        >
          Expense
        </option>
        <option
          key="income"
          value="Income"
        >
          Income
        </option>
        <option
          key="transfer"
          value="Transfer"
        >
          Transfer
        </option>
      </WithStyles(WithFormControlContext(Select))>
    </WithStyles(FormControl)>
    <TextField
      label="Description"
      onChange={[Function]}
      required={false}
      select={false}
      type="text"
      value=""
      variant="standard"
    />
    <TextField
      label="Account"
      onChange={[Function]}
      required={false}
      select={false}
      type="text"
      value=""
      variant="standard"
    />
    <TextField
      label="Category"
      onChange={[Function]}
      required={false}
      select={false}
      type="text"
      value=""
      variant="standard"
    />
  </div>
  <div />
</div>
`;
