// Jest Snapshot v1, https://goo.gl/fbAQLP

exports[`<FilterDashboard /> should work 1`] = `
<WithStyles(Paper)
  elevation={4}
>
  <WithStyles(FormControl)>
    <WithStyles(Select)
      native={true}
      onChange={[Function]}
      value="01"
    >
      <option
        key="month"
        value="01"
      >
         
        01
         
      </option>
      <option
        key="january"
        value="01"
      >
        January
      </option>
      <option
        key="february"
        value="02"
      >
        February
      </option>
      <option
        key="march"
        value="03"
      >
        March
      </option>
      <option
        key="april"
        value="04"
      >
        April
      </option>
      <option
        key="may"
        value="05"
      >
        May
      </option>
      <option
        key="june"
        value="06"
      >
        June
      </option>
      <option
        key="july"
        value="07"
      >
        July
      </option>
      <option
        key="august"
        value="08"
      >
        August
      </option>
      <option
        key="september"
        value="09"
      >
        September
      </option>
      <option
        key="october"
        value="10"
      >
        October
      </option>
      <option
        key="november"
        value="11"
      >
        November
      </option>
      <option
        key="december"
        value="12"
      >
        December
      </option>
    </WithStyles(Select)>
    <WithStyles(FormHelperText)>
      Month
    </WithStyles(FormHelperText)>
  </WithStyles(FormControl)>
  <WithStyles(FormControl)>
    <WithStyles(Select)
      native={true}
      onChange={[Function]}
      value={2018}
    >
      <option
        key="year"
        value="2018"
      >
         
        2018
         
      </option>
      <option
        key="2018"
        value="2018"
      >
        2018
      </option>
      <option
        key="2017"
        value="2017"
      >
        2017
      </option>
      <option
        key="2016"
        value="2016"
      >
        2016
      </option>
    </WithStyles(Select)>
    <WithStyles(FormHelperText)>
      Year
    </WithStyles(FormHelperText)>
  </WithStyles(FormControl)>
</WithStyles(Paper)>
`;
