// Jest Snapshot v1, https://goo.gl/fbAQLP

exports[`<Login /> should work 1`] = `
<WithStyles(Paper)
  elevation={4}
>
  <WithStyles(Typography)
    variant="headline"
  >
    Login To Your Account
  </WithStyles(Typography)>
  <WithStyles(Button)
    onClick={[Function]}
    variant="contained"
  >
    <FaLock
      color="black"
      size={30}
    />
    Login With Email
  </WithStyles(Button)>
  <WithStyles(LoginGoogle) />
  <WithStyles(LoginFacebook) />
  <WithStyles(LoginGithub) />
</WithStyles(Paper)>
`;
