// Jest Snapshot v1, https://goo.gl/fbAQLP

exports[`<TransactionList /> should work 1`] = `
<WithStyles(Paper)
  elevation={4}
>
  <WithStyles(FilterListBar)
    exportComponent={
      <React.Fragment>
        <CSVLink
          asyncOnClick={false}
          data={
            Array [
              Object {
                "amount": "10",
                "dateFormatted": "16/05/2019",
              },
            ]
          }
          filename="familyfinance-transactions.csv"
          separator=","
          style={
            Object {
              "textDecoration": "none",
            }
          }
          target="_blank"
          uFEFF={true}
        >
          <WithStyles(Button)
            color="primary"
            variant="outlined"
          >
            Download CSV
          </WithStyles(Button)>
        </CSVLink>
        <WithStyles(Button)
          color="primary"
          onClick={[Function]}
          variant="outlined"
        >
          Import CSV
        </WithStyles(Button)>
      </React.Fragment>
    }
    onFilter={[Function]}
  />
  <WithStyles(Table)>
    <WithStyles(TableHead)>
      <WithStyles(TableRow)>
        <WithStyles(TableCell)>
          Type
        </WithStyles(TableCell)>
        <WithStyles(TableCell)>
          Description
        </WithStyles(TableCell)>
        <WithStyles(TableCell)
          align="right"
        >
          Amount
        </WithStyles(TableCell)>
        <WithStyles(TableCell)>
          Date
        </WithStyles(TableCell)>
        <WithStyles(TableCell)>
          Account
        </WithStyles(TableCell)>
        <WithStyles(TableCell)>
          Category
        </WithStyles(TableCell)>
        <WithStyles(TableCell) />
      </WithStyles(TableRow)>
    </WithStyles(TableHead)>
    <WithStyles(TableBody) />
    <WithStyles(TableFooter)>
      <WithStyles(TableRow)>
        <WithStyles(TablePagination)
          count={1}
          onChangePage={[Function]}
          onChangeRowsPerPage={[Function]}
          page={0}
          rowsPerPageOptions={
            Array [
              5,
              10,
              20,
            ]
          }
        />
      </WithStyles(TableRow)>
    </WithStyles(TableFooter)>
  </WithStyles(Table)>
</WithStyles(Paper)>
`;
